<?xml version="1.0" encoding="UTF-8"?>
<testsuites name="jest tests" tests="5" failures="0" time="17.745">
  <testsuite name="Hackermaps" errors="0" failures="0" skipped="0" timestamp="2020-08-31T11:35:36" time="15.328" tests="5">
    <testcase classname="Hackermaps Should render all the locations in the list" name="Hackermaps Should render all the locations in the list" time="0.226">
    </testcase>
    <testcase classname="Hackermaps Should have correct buttons for each location" name="Hackermaps Should have correct buttons for each location" time="0.102">
    </testcase>
    <testcase classname="Hackermaps Should move the location down on clicking the down button" name="Hackermaps Should move the location down on clicking the down button" time="0.269">
    </testcase>
    <testcase classname="Hackermaps Should move the location up on clicking the up button" name="Hackermaps Should move the location up on clicking the up button" time="0.137">
    </testcase>
    <testcase classname="Hackermaps Should be in correct state after a series of actions" name="Hackermaps Should be in correct state after a series of actions" time="0.232">
    </testcase>
  </testsuite>
</testsuites>